C:\Users\uppil\git\springBoot-todoList-app\src\main\java\com\to_do_list\springboot\web\main\controller\ErrorController.java
C:\Users\uppil\git\springBoot-todoList-app\src\main\java\com\to_do_list\springboot\web\main\repository\UserRepository.java
C:\Users\uppil\git\springBoot-todoList-app\src\main\java\com\to_do_list\springboot\web\main\model\Todo.java
C:\Users\uppil\git\springBoot-todoList-app\src\main\java\com\to_do_list\springboot\web\main\controller\LogoutController.java
C:\Users\uppil\git\springBoot-todoList-app\src\main\java\com\to_do_list\springboot\web\main\service\TodoService.java
C:\Users\uppil\git\springBoot-todoList-app\src\main\java\com\to_do_list\springboot\web\main\SpringDemoApplication.java
C:\Users\uppil\git\springBoot-todoList-app\src\main\java\com\to_do_list\springboot\web\main\controller\WelcomeController.java
C:\Users\uppil\git\springBoot-todoList-app\src\main\java\com\to_do_list\springboot\web\main\security\SecurityConfiguration.java
C:\Users\uppil\git\springBoot-todoList-app\src\main\java\com\to_do_list\springboot\web\main\controller\TodoController.java
C:\Users\uppil\git\springBoot-todoList-app\src\main\java\com\to_do_list\springboot\web\main\model\User.java
